<?xml version="1.0" encoding="UTF-8" ?>
<testsuites name="vitest tests" tests="2" failures="0" errors="0" time="0.095486249">
    <testsuite name="test/app.test.ts" timestamp="2026-05-25T14:04:50.467Z" hostname="k8snode2" tests="2" failures="0" errors="0" skipped="0" time="0.095486249">
        <testcase classname="test/app.test.ts" name="Fastify app &gt; GET /health returns ok status" time="0.092163729">
        </testcase>
        <testcase classname="test/app.test.ts" name="Fastify app &gt; GET / returns app message and version" time="0.002278528">
        </testcase>
    </testsuite>
</testsuites>
